$ python hardware/mainboard/kicad/check_schematics.py
ENKU schematic structural gate: PASS
  root       enku-mainboard-r0.1.kicad_sch           3008 bytes
  power      power.kicad_sch                        78490 bytes
  mcu        mcu_io.kicad_sch                       82024 bytes
  epd        epd_hv.kicad_sch                       57365 bytes
  connectors connectors.kicad_sch                   33899 bytes
  Base-only scope: Pro frontlight/Qi sheets are deferred
  obsolete block placeholders: 0

NOTE: this structural gate does not replace KiCad ERC/DRC.
exit_code=0

$ python hardware/mainboard/kicad/check_r41_assembly.py
R41 VIA DFM SOURCE PASS: 0 NEW plated via holes intersect net-assigned SMD lands; full mask/paste/annulus DFM remains pending.
R41 ASSEMBLY PASS: 132 footprints, 0 different-net intra-footprint OR cross-component SMD pad overlaps, 3 MBR0530 cathode markers, verified GCT 16-contact order/net map, 270 tracks, 66 vias and In2.Cu GND zone.
This is source geometry only; copper pad spacing, physical 3D clearances, J1/SW1 vendor lock, actual FPC, EPD HV and supplier BOM NOT SIGNED OFF.
exit_code=0

$ python hardware/mainboard/kicad/check_r41_sd_connectivity.py
R41 CONNECTIVITY PASS: all four card SPI escapes reach series resistors; CS pull-up and both SD capacitors connected. All four MCU-side SPI routes also connected; reference-plane qualification remains pending.
R41 VBUS ROUTES PASS: comparator sense/reference/output, GPIO17, switched supply, raw VBUS divider and discharge resistor are connected in source.
R41 USB POWER PASS: both CC pull-downs, both connector VBUS contact pairs, power mux input and ESD VBUS are routed.
R41 ESD FOOTPRINT PASS: ST SOT23-6L pad numbering, 0.95 mm pitch and 1.2 x 0.6 mm lands verified on active PCB.
exit_code=0

$ python hardware/mainboard/kicad/check_r41_vbus.py
R41 VBUS DESIGN CALCULATION: {"bleeder_max_ma": 1.6835016835016834, "local_disconnect_bound_ms": 1.084581470509146, "raw_vbus_capacitance_bound_uf": 1.5, "sense_max_v": 1.504368467375711, "temperature_c": [-40, 85], "threshold_max_v": 4.734278830694323, "threshold_min_v": 4.379644111720483}
PASS: fail-safe B-version, common switched 3V3 rail with MCU, output pulldown, DC corner bounds and conditional RC budget.
UNPROVEN: soldered prototype OFF/backfeed, dock+USB removal, actual C2 capacitance, hotplug ringing and complete USB suspend current/charger policy.
exit_code=0

$ python hardware/mainboard/kicad/check_pcb_population.py
ENKU PCB population gate: PASS
PCB source: enku-mainboard-r1.8-base-sd-card-completion.kicad_pcb
Schematic refs: 128
PCB refs: 132
Known refs still awaiting placement: 0
Placement progress since baseline: 63 ref(s)
PLACED_FROM_DEBT: C1, C14, C15, C16, C17, C18, C19, C2, C21, C22, C23, C27, C28, C29, C3, C30, C35, C36, C4, C5, C6, C8, J7, R1, R10, R11, R12, R13, R19, R2, R20, R21, R22, R23, R24, R25, R26, R27, R28, R29, R3, R30, R31, R32, R33, R34, R35, R36, R4, R5, R6, R62, R63, R64, R65, R66, R67, R68, R69, R7, R8, R9, SW2
PCB population complete: zero schematic refs missing.
exit_code=0

$ python hardware/mainboard/tools/mechanical_release_audit.py --pcb hardware/mainboard/kicad/enku-mainboard-r1.8-base-sd-card-completion.kicad_pcb
ENKU physical placement audit: 132 footprints; 6 manufacturing blockers; 9 manual CAD gates
BLOCKER: SW3: placeholder side switch; approximate body-to-edge gap 5.10 mm, actuator direction/travel not verifiable
BLOCKER: SW4: placeholder side switch; approximate body-to-edge gap 5.10 mm, actuator direction/travel not verifiable
BLOCKER: SW5: placeholder side switch; approximate body-to-edge gap 3.90 mm, actuator direction/travel not verifiable
BLOCKER: SW6: placeholder side switch; approximate body-to-edge gap 3.90 mm, actuator direction/travel not verifiable
BLOCKER: Under a nominal CENTERED portrait display registration, mounting holes H1, H2, H3, H4 lie within the display MODULE projection. Independent structural load path + full FPC/screen 3D overlay required.
BLOCKER: SW1 hard-power slide switch is a placeholder, NOT a selected part; candidate G-Switch MK-12C03-G015 C2890358 is 3-pin SPDT, 500mA and must be qualified for the actual LiPo disconnect load
REVIEW: All four button footprints share the same nominal rotation; outward-facing left/right actuator orientations are NOT demonstrated
REVIEW: Centered display overlay is a conservative hypothesis; actual registered FPC fold, backing, glass and allowed support perimeter remain unverified.
REVIEW: J2 microSD: after correcting entrance direction, recheck push-push ejection stroke and housing entry cutout with official Hirose STEP.
REVIEW: J3 24p FPC: contact side, insertion vector, bend radius and display-to-PCB origin unapproved.
REVIEW: J6 dock: 4 contact pads on rear PCB; no qualified pogo-mating hardware / magnet stack.
REVIEW: U1 ESP32-S3: antenna metal/copper clearance must be checked in the assembled shell.
REVIEW: LiPo: protected cell size, NTC pinout, pouch swelling and 10-mm enclosure thickness unapproved.
REVIEW: L2 5x5 mm inductor and cable/connector Z heights require a mechanical tolerance stack.
REVIEW: C915811 G-Switch recessed mount: supplier drawing/pad pinout/STEP and PCBWay edge milling constraints NOT certified.
Manufacturing release: BLOCKED
exit_code=0

$ python hardware/mainboard/tools/check_component_manifest.py --pcb hardware/mainboard/kicad/enku-mainboard-r1.8-base-sd-card-completion.kicad_pcb --manifest hardware/mainboard/procurement/COMPONENT_AUDIT_R41.csv
ENKU provenance audit: 132 actual PCB footprints, 132 manifest entries
IDENTIFIED: 15
PCB_FEATURE: 20
PLACEHOLDER: 5
UNSELECTED: 92
Remaining not qualified: 112
Provenance register integrity: PASS (not a manufacturing approval)
exit_code=0
